// Jest Snapshot v1, https://goo.gl/fbAQLP

exports[`CreatorNavigation Component should render correctly 1`] = `
<main
  id="bl-creator-navigation"
>
  <div
    class="creator-info mx-2 mb-4 d-block d-sm-none"
  >
    <div
      class="row"
    >
      <div
        class="col-3 text-center pr-0"
      >
        <img
          alt="..."
          class="profile-img rounded"
          src="@/assets/Avatar2.png"
        />
      </div>
       
      <div
        class="col-9 pl-0 d-flex align-items-center"
      >
        <div
          class="user-info"
        >
          <h6
            class="font-weight-bold"
          >
            JohnDoe
          </h6>
           
          <p>
            John Doe
          </p>
           
          <p>
            <i
              class="fal fa-map-marker-alt"
            />
            <span
              class="ml-1"
            >
              Lagos, Nigeria
            </span>
          </p>
        </div>
      </div>
    </div>
  </div>
   
  <div
    class="navigation-bar"
  >
    <ul
      class="nav nav-tabs mb-3"
      id="pills-tab"
      role="tablist"
    >
      <li
        class="nav-item d-sm-none"
      >
        <a
          aria-controls="pills-contest"
          aria-selected="true"
          class="nav-link d-flex align-items-center"
          data-toggle="pill"
          id="pills-contest-tab"
          role="tab"
        >
          Info
        
        </a>
      </li>
       
      <li
        class="nav-item"
      >
        <a
          aria-controls="pills-general"
          aria-selected="false"
          class="nav-link active d-flex align-items-center"
          data-toggle="pill"
          id="pills-general-tab"
          role="tab"
        >
          Dashboard
        </a>
      </li>
       
      <li
        class="nav-item"
      >
        <a
          aria-controls="pills-contest"
          aria-selected="true"
          class="nav-link d-flex align-items-center"
          data-toggle="pill"
          href="#posts-tab"
          id="pills-contest-tab"
          role="tab"
        >
          Posts
          
          <span
            class="badge badge-secondary ml-2"
          >
            4
          </span>
        </a>
      </li>
       
      <li
        class="nav-item"
      >
        <a
          aria-controls="pills-contest"
          aria-selected="false"
          class="nav-link d-flex align-items-center"
          data-toggle="pill"
          href="#photocontest-tab"
          id="pills-contest-tab"
          role="tab"
        >
          Drafts
          
          <span
            class="badge badge-secondary ml-2"
          >
            4
          </span>
        </a>
      </li>
       
      <li
        class="nav-item"
      >
        <a
          aria-controls="pills-contest"
          aria-selected="false"
          class="nav-link d-flex align-items-center"
          data-toggle="pill"
          href="#photocontest-tab"
          id="pills-contest-tab"
          role="tab"
        >
          Trash
        </a>
      </li>
    </ul>
  </div>
</main>
`;
