// Jest Snapshot v1, https://goo.gl/fbAQLP

exports[`SocialMedia Component should render correctly 1`] = `
<main
  class="container-fluid p-0 bl-social-media"
  id="bl-social-media"
>
  <header
    id="feeds-header"
  >
    <nav
      class="navbar navbar-expand-lg navbar-light px-5"
    >
      <div
        class="container-fluid back-nav"
      >
        <a
          class="backlink mr-4"
          href="/settings"
        >
          <i
            class="fal fa-long-arrow-left fa-2x back-icon"
          />
           
          <span
            class="back-text"
          >
            Back
          </span>
        </a>
         
        <a
          class="router-link"
        >
          <img
            class="nav-logo"
            src="@/assets/Bloverse.svg"
          />
           
          <!---->
        </a>
         
        <!---->
         
        <!---->
      </div>
    </nav>
     
    <main
      id="bl-modal"
    >
      <div
        aria-hidden="true"
        aria-labelledby="customModal"
        class="modal fade"
        id="feedback-modal"
        role="dialog"
        tabindex="-1"
      >
        <div
          class="modal-dialog modal-dialog-centered"
          role="document"
        >
          <div
            class="modal-content"
          >
            <div
              class="modal-header darkBackground"
            >
              <!---->
               
              <div>
                <h6>
                  <strong
                    class="alt-title"
                  >
                    Send Us Some Feedback
                  </strong>
                </h6>
                 
                <h6
                  class="mt-2 sub-title"
                >
                  Found a bug? Have a suggestion?. Fill out the form below and we'll take a look!
                </h6>
              </div>
               
              <button
                aria-label="Close"
                class="close"
                data-dismiss="modal"
                type="button"
              >
                <span
                  aria-hidden="true"
                >
                  ×
                </span>
              </button>
            </div>
             
            <div
              class="modal-body"
            >
              <div
                class="bl-modal-content"
              >
                <p>
                  Enter your feedback here!
                </p>
                 
                <textarea
                  class="form-control mb-2 p-1"
                />
                 
                <label
                  class="ml-1 mr-3"
                >
                  <input
                    name="feedback-type"
                    type="radio"
                  />
                    Bug
                </label>
                 
                <label
                  class="mr-3"
                >
                  <input
                    name="feedback-type"
                    type="radio"
                  />
                    Comment
                </label>
                 
                <label
                  class="mr-3"
                >
                  <input
                    name="feedback-type"
                    type="radio"
                  />
                    Other
                </label>
              </div>
            </div>
             
            <div
              class="modal-footer"
            >
              <button
                class="btn btn-outline-primary"
                data-dismiss="modal"
                type="button"
              >
                Close
              </button>
               
              <button
                class="btn btn-primary"
                type="button"
              >
                Send Feedback
              </button>
            </div>
          </div>
        </div>
      </div>
    </main>
  </header>
   
  <div
    class="container main-content"
  >
    <div
      class="row social-media-form"
    >
      <form>
        <div
          class="form-group bl-form-header"
        >
          <h3>
            Update Social Media
          </h3>
        </div>
         
        <div
          class="form-group"
        >
          <label
            for="facebook"
          >
            Facebook
          </label>
           
          <input
            aria-describedby="facebook"
            class="form-control"
            id="facebook"
            placeholder="https://facebook.com/username"
            type="text"
          />
        </div>
         
        <div
          class="form-group"
        >
          <label
            for="twitter"
          >
            Twitter
          </label>
           
          <input
            aria-describedby="twitter"
            class="form-control"
            id="twitter"
            placeholder="https://twitter.com/username"
            type="text"
          />
        </div>
         
        <div
          class="form-group"
        >
          <label
            for="linkedin"
          >
            LinkedIn
          </label>
           
          <input
            aria-describedby="linkedin"
            class="form-control"
            id="linkedin"
            placeholder="https://linkedin.com/username"
            type="text"
          />
        </div>
         
        <div
          class="form-group text-right pr-3 add-link"
        >
          <span>
            <i
              class="fas fa-plus mr-1"
            />
             Add
          </span>
        </div>
         
        <br />
         
        <button
          class="btn btn-primary btn-block bl-form-btn"
          type="submit"
        >
          
          Save
        
        </button>
      </form>
    </div>
  </div>
   
  <div
    class="footer-container"
  >
    <p>
      <span
        class="bloverse"
      >
        bloverse
      </span>
       2019. All Rights Reserved
    </p>
  </div>
</main>
`;
