// Jest Snapshot v1, https://goo.gl/fbAQLP

exports[`ForgotPassword Page should render correctly 1`] = `
<div
  class="forgot-password-container"
>
  <div
    class="top"
  >
    <span
      class="top-left-container"
    >
      <a
        href="/"
      >
        <i
          class="fal fa-long-arrow-left fa-2x"
        />
         
        <span
          class="back-text"
        >
          Back
        </span>
      </a>
       
      <a
        class="router-link"
      >
        <img
          class="logo"
          src="@/assets/Bloverse-white.svg"
        />
         
        <img
          class="blue-logo"
          src="@/assets/Logo.svg"
        />
      </a>
    </span>
  </div>
   
  <div
    class="forgot-password-content d-flex flex-column justify-content-center align-items-center"
  >
    <h4
      class="forgot-password-intro-one"
    >
      Forgot Password
    </h4>
     
    <h5
      class="forgot-password-intro-two"
    >
      Enter your email address and 
      
      <br />
       we will send you a link to reset 
      
      <br />
       your password
    </h5>
     
    <div
      class="forgot-password-form-section"
    >
      <form>
        <div
          class="form-group"
        >
          <input
            class="form-control defaultClass text-input"
            id="email"
            name="email"
            placeholder="Email"
          />
        </div>
      </form>
       
      <div>
        <button
          class="btn btn-primary password-primary-button"
        >
          Send
        </button>
      </div>
       
      <div
        class="password-grid-container"
      >
        <div
          class="password-grid-item"
        >
          <hr
            class="password-hr-text"
          />
        </div>
         
        <div
          class="password-middle-grid-item"
        >
          <p>
            <strong
              class="password-or-text"
            >
              Or
            </strong>
          </p>
        </div>
         
        <div
          class="password-grid-item"
        >
          <hr
            class="password-hr-text"
          />
        </div>
      </div>
       
      <div>
        <button
          class="btn btn-outline-secondary secondary-button"
        >
          <h2
            class="sign-up-new-bloverse-text"
          >
            Create
          
            <a
              class="signup-login-text"
            >
              new account
            </a>
          </h2>
        </button>
      </div>
    </div>
  </div>
   
  <main
    id="bl-author-card"
  >
    <div
      class="d-none d-md-block d-lg-block"
    >
      <div
        class="row"
      >
        <div
          class="col-md-2 align-self-center p-0"
        >
          <img
            class="author-image img-fluid"
            src="@/assets/smiling-author.jpg"
          />
        </div>
         
        <div
          class="col-md-10"
        >
          <p
            class="author-name text-truncate"
          >
            
          By JohnDoe
        
          </p>
           
          <p
            class="message text-truncate"
          >
            
          Greeting to the sun
        
          </p>
        </div>
      </div>
    </div>
  </main>
   
  <div
    class="password-bottom"
  >
    <p>
      <span
        class="bloverse"
      >
        Bloverse
      </span>
       2019. All Right reserved
    </p>
  </div>
</div>
`;
