// Jest Snapshot v1, https://goo.gl/fbAQLP

exports[`SocialTags Component should render correctly 1`] = `
<main
  id="social-tags"
>
  <div
    class="item-content-block tags"
  >
    <div
      class="card"
    >
      <div
        class="card-content p-1 d-flex justify-content-center"
      >
        <span>
          <i
            class="fab fa-facebook-square blue"
          />
          <p>
            Facebook
          </p>
        </span>
         
        <span
          class="closeIcon"
        >
          <i
            class="fal fa-times d-flex justify-content-end close"
          />
        </span>
      </div>
    </div>
    <div
      class="card"
    >
      <div
        class="card-content p-1 d-flex justify-content-center"
      >
        <span>
          <i
            class="fab fa-twitter sky"
          />
          <p>
            Twitter
          </p>
        </span>
         
        <span
          class="closeIcon"
        >
          <i
            class="fal fa-times d-flex justify-content-end close"
          />
        </span>
      </div>
    </div>
    <div
      class="card"
    >
      <div
        class="card-content p-1 d-flex justify-content-center"
      >
        <span>
          <i
            class="fab fa-linkedin din"
          />
          <p>
            LinkedIn
          </p>
        </span>
         
        <span
          class="closeIcon"
        >
          <i
            class="fal fa-times d-flex justify-content-end close"
          />
        </span>
      </div>
    </div>
  </div>
</main>
`;
