// Jest Snapshot v1, https://goo.gl/fbAQLP

exports[`DraftItemCard Component should render correctly 1`] = `
<main
  class="card mt-4 bl-draft-item"
  id="bl-draft-item"
>
  <div
    class="card-body bl-draft-item-body"
  >
    <div
      class="card-title title"
    >
      <div
        class="title--text"
      >
        <button
          class="btn btn-outline-primary btn-sm bg-white mb-3"
          type="button"
        >
          Category
        </button>
         
        <p
          class="font-weight-bold description"
        >
          <a>
            
            Lorem ipsum dolor sit amet, vel accumsan iberaviss extttttt, ea nec elaboraret interpret
            Lorem ipsum dolor sit amet, vel accumsan iberaviss ex, ea nec elaboraret interpret
            Lorem ipsum dolor sit amet, vel accumsan iberaviss ex, ea nec elaboraret interpret
          
          </a>
        </p>
         
        <p
          class="col-4 col-sm-3 username d-none d-sm-block mt-3"
        >
          <span
            class="time"
          >
            1 min ago
          </span>
        </p>
      </div>
    </div>
  </div>
   
  <div
    class="border-top bl-draft-item-footer"
  >
    <div
      class="d-flex justify-content-end px-4 py-2 actions"
    >
      <p
        class="mx-3 edit"
      >
        <span
          class="border rounded-circle icons"
        >
          <i
            class="fal fa-edit"
          />
        </span>
      </p>
       
      <p
        class="delete"
      >
        <span
          class="border rounded-circle icons"
        >
          <i
            class="fal fa-times deleteIcon"
          />
        </span>
      </p>
    </div>
  </div>
</main>
`;
