// Jest Snapshot v1, https://goo.gl/fbAQLP

exports[`ChooseCountry Component dispatches "actionInput" when input event value is "input" 1`] = `
<main
  id="country-page"
>
  <div
    class="main"
  >
    <header
      id="feeds-header"
    >
      <nav
        class="navbar navbar-expand-lg navbar-light px-5 back-nav"
      >
        <a
          class="backlink mr-4"
          href="/settings"
        >
          <i
            class="fal fa-long-arrow-left fa-2x back-icon"
          />
           
          <span
            class="back-text"
          >
            Back
          </span>
        </a>
         
        <a
          class="router-link"
        >
          <img
            class="nav-logo"
            src="@/assets/Logo.svg"
          />
           
          <!---->
        </a>
         
        <!---->
         
        <!---->
      </nav>
    </header>
     
    <div
      class="container"
    >
      <div
        class="row d-flex justify-content-center align-items-center"
      >
        <div
          class="col-sm-7 col-lg-6 pt-5"
        >
          <h5
            class="pb-1"
          >
            Select Your Favourite Country
          </h5>
           
          <p
            class="select-t"
          >
            Selected 16 countries
          </p>
           
          <div>
            <div
              id="choose-country"
            >
              <ul
                class="row d-flex flex-wrap"
              >
                <li
                  class="col-6 col-md-4 col-lg-4 col-xl-4 mb-3"
                >
                  <div>
                    <div
                      class="card p-0"
                    >
                      <div
                        class="country-img-wrapper"
                      >
                        <span
                          class="overlay"
                          id="cat-span"
                          style="display: none;"
                        >
                          <div
                            class="circle"
                          />
                           
                          <i
                            class="fal fa-check fa-1x overlay-icon"
                          />
                        </span>
                         
                        <img
                          alt=""
                          class="countryname"
                          src="test-file-stub"
                        />
                      </div>
                       
                      <p
                        class="p-2"
                      >
                        South Africa
                      </p>
                    </div>
                  </div>
                </li>
                <li
                  class="col-6 col-md-4 col-lg-4 col-xl-4 mb-3"
                >
                  <div>
                    <div
                      class="card p-0"
                    >
                      <div
                        class="country-img-wrapper"
                      >
                        <span
                          class="overlay"
                          id="cat-span"
                          style="display: none;"
                        >
                          <div
                            class="circle"
                          />
                           
                          <i
                            class="fal fa-check fa-1x overlay-icon"
                          />
                        </span>
                         
                        <img
                          alt=""
                          class="countryname"
                          src="test-file-stub"
                        />
                      </div>
                       
                      <p
                        class="p-2"
                      >
                        UAE
                      </p>
                    </div>
                  </div>
                </li>
                <li
                  class="col-6 col-md-4 col-lg-4 col-xl-4 mb-3"
                >
                  <div>
                    <div
                      class="card p-0"
                    >
                      <div
                        class="country-img-wrapper"
                      >
                        <span
                          class="overlay"
                          id="cat-span"
                          style="display: none;"
                        >
                          <div
                            class="circle"
                          />
                           
                          <i
                            class="fal fa-check fa-1x overlay-icon"
                          />
                        </span>
                         
                        <img
                          alt=""
                          class="countryname"
                          src="test-file-stub"
                        />
                      </div>
                       
                      <p
                        class="p-2"
                      >
                        United Kingdom
                      </p>
                    </div>
                  </div>
                </li>
                <li
                  class="col-6 col-md-4 col-lg-4 col-xl-4 mb-3"
                >
                  <div>
                    <div
                      class="card p-0"
                    >
                      <div
                        class="country-img-wrapper"
                      >
                        <span
                          class="overlay"
                          id="cat-span"
                          style="display: none;"
                        >
                          <div
                            class="circle"
                          />
                           
                          <i
                            class="fal fa-check fa-1x overlay-icon"
                          />
                        </span>
                         
                        <img
                          alt=""
                          class="countryname"
                          src="test-file-stub"
                        />
                      </div>
                       
                      <p
                        class="p-2"
                      >
                        United States
                      </p>
                    </div>
                  </div>
                </li>
                <li
                  class="col-6 col-md-4 col-lg-4 col-xl-4 mb-3"
                >
                  <div>
                    <div
                      class="card p-0"
                    >
                      <div
                        class="country-img-wrapper"
                      >
                        <span
                          class="overlay"
                          id="cat-span"
                          style="display: none;"
                        >
                          <div
                            class="circle"
                          />
                           
                          <i
                            class="fal fa-check fa-1x overlay-icon"
                          />
                        </span>
                         
                        <img
                          alt=""
                          class="countryname"
                          src="test-file-stub"
                        />
                      </div>
                       
                      <p
                        class="p-2"
                      >
                        Australia
                      </p>
                    </div>
                  </div>
                </li>
                <li
                  class="col-6 col-md-4 col-lg-4 col-xl-4 mb-3"
                >
                  <div>
                    <div
                      class="card p-0"
                    >
                      <div
                        class="country-img-wrapper"
                      >
                        <span
                          class="overlay"
                          id="cat-span"
                          style="display: none;"
                        >
                          <div
                            class="circle"
                          />
                           
                          <i
                            class="fal fa-check fa-1x overlay-icon"
                          />
                        </span>
                         
                        <img
                          alt=""
                          class="countryname"
                          src="test-file-stub"
                        />
                      </div>
                       
                      <p
                        class="p-2"
                      >
                        Canada
                      </p>
                    </div>
                  </div>
                </li>
                <li
                  class="col-6 col-md-4 col-lg-4 col-xl-4 mb-3"
                >
                  <div>
                    <div
                      class="card p-0"
                    >
                      <div
                        class="country-img-wrapper"
                      >
                        <span
                          class="overlay"
                          id="cat-span"
                          style="display: none;"
                        >
                          <div
                            class="circle"
                          />
                           
                          <i
                            class="fal fa-check fa-1x overlay-icon"
                          />
                        </span>
                         
                        <img
                          alt=""
                          class="countryname"
                          src="test-file-stub"
                        />
                      </div>
                       
                      <p
                        class="p-2"
                      >
                        France
                      </p>
                    </div>
                  </div>
                </li>
                <li
                  class="col-6 col-md-4 col-lg-4 col-xl-4 mb-3"
                >
                  <div>
                    <div
                      class="card p-0"
                    >
                      <div
                        class="country-img-wrapper"
                      >
                        <span
                          class="overlay"
                          id="cat-span"
                          style="display: none;"
                        >
                          <div
                            class="circle"
                          />
                           
                          <i
                            class="fal fa-check fa-1x overlay-icon"
                          />
                        </span>
                         
                        <img
                          alt=""
                          class="countryname"
                          src="test-file-stub"
                        />
                      </div>
                       
                      <p
                        class="p-2"
                      >
                        Germany
                      </p>
                    </div>
                  </div>
                </li>
                <li
                  class="col-6 col-md-4 col-lg-4 col-xl-4 mb-3"
                >
                  <div>
                    <div
                      class="card p-0"
                    >
                      <div
                        class="country-img-wrapper"
                      >
                        <span
                          class="overlay"
                          id="cat-span"
                          style="display: none;"
                        >
                          <div
                            class="circle"
                          />
                           
                          <i
                            class="fal fa-check fa-1x overlay-icon"
                          />
                        </span>
                         
                        <img
                          alt=""
                          class="countryname"
                          src="test-file-stub"
                        />
                      </div>
                       
                      <p
                        class="p-2"
                      >
                        Ghana
                      </p>
                    </div>
                  </div>
                </li>
                <li
                  class="col-6 col-md-4 col-lg-4 col-xl-4 mb-3"
                >
                  <div>
                    <div
                      class="card p-0"
                    >
                      <div
                        class="country-img-wrapper"
                      >
                        <span
                          class="overlay"
                          id="cat-span"
                          style="display: none;"
                        >
                          <div
                            class="circle"
                          />
                           
                          <i
                            class="fal fa-check fa-1x overlay-icon"
                          />
                        </span>
                         
                        <img
                          alt=""
                          class="countryname"
                          src="test-file-stub"
                        />
                      </div>
                       
                      <p
                        class="p-2"
                      >
                        Hong Kong
                      </p>
                    </div>
                  </div>
                </li>
                <li
                  class="col-6 col-md-4 col-lg-4 col-xl-4 mb-3"
                >
                  <div>
                    <div
                      class="card p-0"
                    >
                      <div
                        class="country-img-wrapper"
                      >
                        <span
                          class="overlay"
                          id="cat-span"
                          style="display: none;"
                        >
                          <div
                            class="circle"
                          />
                           
                          <i
                            class="fal fa-check fa-1x overlay-icon"
                          />
                        </span>
                         
                        <img
                          alt=""
                          class="countryname"
                          src="test-file-stub"
                        />
                      </div>
                       
                      <p
                        class="p-2"
                      >
                        India
                      </p>
                    </div>
                  </div>
                </li>
                <li
                  class="col-6 col-md-4 col-lg-4 col-xl-4 mb-3"
                >
                  <div>
                    <div
                      class="card p-0"
                    >
                      <div
                        class="country-img-wrapper"
                      >
                        <span
                          class="overlay"
                          id="cat-span"
                          style="display: none;"
                        >
                          <div
                            class="circle"
                          />
                           
                          <i
                            class="fal fa-check fa-1x overlay-icon"
                          />
                        </span>
                         
                        <img
                          alt=""
                          class="countryname"
                          src="test-file-stub"
                        />
                      </div>
                       
                      <p
                        class="p-2"
                      >
                        Ireland
                      </p>
                    </div>
                  </div>
                </li>
                <li
                  class="col-6 col-md-4 col-lg-4 col-xl-4 mb-3"
                >
                  <div>
                    <div
                      class="card p-0"
                    >
                      <div
                        class="country-img-wrapper"
                      >
                        <span
                          class="overlay"
                          id="cat-span"
                          style="display: none;"
                        >
                          <div
                            class="circle"
                          />
                           
                          <i
                            class="fal fa-check fa-1x overlay-icon"
                          />
                        </span>
                         
                        <img
                          alt=""
                          class="countryname"
                          src="test-file-stub"
                        />
                      </div>
                       
                      <p
                        class="p-2"
                      >
                        Italy
                      </p>
                    </div>
                  </div>
                </li>
                <li
                  class="col-6 col-md-4 col-lg-4 col-xl-4 mb-3"
                >
                  <div>
                    <div
                      class="card p-0"
                    >
                      <div
                        class="country-img-wrapper"
                      >
                        <span
                          class="overlay"
                          id="cat-span"
                          style="display: none;"
                        >
                          <div
                            class="circle"
                          />
                           
                          <i
                            class="fal fa-check fa-1x overlay-icon"
                          />
                        </span>
                         
                        <img
                          alt=""
                          class="countryname"
                          src="test-file-stub"
                        />
                      </div>
                       
                      <p
                        class="p-2"
                      >
                        Kenya
                      </p>
                    </div>
                  </div>
                </li>
                <li
                  class="col-6 col-md-4 col-lg-4 col-xl-4 mb-3"
                >
                  <div>
                    <div
                      class="card p-0"
                    >
                      <div
                        class="country-img-wrapper"
                      >
                        <span
                          class="overlay"
                          id="cat-span"
                          style="display: none;"
                        >
                          <div
                            class="circle"
                          />
                           
                          <i
                            class="fal fa-check fa-1x overlay-icon"
                          />
                        </span>
                         
                        <img
                          alt=""
                          class="countryname"
                          src="test-file-stub"
                        />
                      </div>
                       
                      <p
                        class="p-2"
                      >
                        Mexico
                      </p>
                    </div>
                  </div>
                </li>
                <li
                  class="col-6 col-md-4 col-lg-4 col-xl-4 mb-3"
                >
                  <div>
                    <div
                      class="card p-0"
                    >
                      <div
                        class="country-img-wrapper"
                      >
                        <span
                          class="overlay"
                          id="cat-span"
                          style="display: none;"
                        >
                          <div
                            class="circle"
                          />
                           
                          <i
                            class="fal fa-check fa-1x overlay-icon"
                          />
                        </span>
                         
                        <img
                          alt=""
                          class="countryname"
                          src="test-file-stub"
                        />
                      </div>
                       
                      <p
                        class="p-2"
                      >
                        Singapore
                      </p>
                    </div>
                  </div>
                </li>
              </ul>
            </div>
          </div>
        </div>
      </div>
       
      <div
        class="card country-footer py-2 rounded-0"
      >
        <div
          class="container"
        >
          <div
            class="row d-flex justify-content-center"
          >
            <div
              class="col-sm-7 col-lg-6 d-flex justify-content-between"
            >
              <button
                class="btn btn-link btn-sm"
                type="button"
              >
                Skip
              </button>
               
              <button
                class="btn btn-sm btn-primary"
              >
                Save
              </button>
            </div>
          </div>
        </div>
      </div>
    </div>
  </div>
</main>
`;
