// Jest Snapshot v1, https://goo.gl/fbAQLP

exports[`Category Page should render correctly 1`] = `
<main 
  id="category-page"
  >
    <go-back-header>
    </go-back-header>

    <div 
      class="main"
    >
    <div 
      class="container"
    >
      <div 
        class="row d-flex justify-content-center align-items-center"
      >
        <div 
          class="col-sm-7 col-lg-6 pt-5"
        >
          <h5 class="pb-1">
            Select Your Interest
          </h5>
         <p 
          class="select-t"
         >
          Selected {{consumers.selectedCategories.length}} categories
          </p>
          <div>
           <choose-catergory>
           </choose-catergory>
          </div>
        </div>
      </div>
      <div 
        class="card category-footer py-2 rounded-0"
      >
        <div 
          class="container"
        >
            <div 
              class="row d-flex justify-content-center"
            >
              <div 
                class="col-sm-7 col-lg-6 d-flex justify-content-between"
              >
                <button 
                  class="btn btn-link btn-sm" type="button"
                > 
                    Skip
                </button>
                <button 
                  class="btn btn-sm btn-primary"
                >
                  Save
                </button>
              </div>
            </div>
          </div>
        </div>
    </div>
    </div>
  </main>
`;