// Jest Snapshot v1, https://goo.gl/fbAQLP

exports[`ChangePassword Component should render correctly 1`] = `
<main
  class="container-fluid p-0 bl-change-password"
  id="bl-change-password"
>
  <header
    id="feeds-header"
  >
    <nav
      class="navbar navbar-expand-lg navbar-light px-5"
    >
      <a
        class="backlink"
        href="/"
      >
        <i
          class="fal fa-long-arrow-left fa-2x back-icon"
        />
         
        <span
          class="back-text"
        >
          Back
        </span>
      </a>
       
      <a
        class="router-link"
      >
        <img
          class="nav-logo"
          src="@/assets/Logo.svg"
        />
         
        <!---->
      </a>
       
      <!---->
       
      <!---->
    </nav>
  </header>
   
  <div
    class="container main-content"
  >
    <div
      class="row change-password-form"
    >
      <form>
        <div
          class="form-group bl-form-header"
        >
          <h3>
            Change Password
          </h3>
        </div>
         
        <div
          class="form-group"
        >
          <input
            aria-describedby="oldPassword"
            class="form-control"
            id="old-password"
            placeholder="Old Password"
            type="password"
          />
        </div>
         
        <div
          class="form-group"
        >
          <input
            aria-describedby="newPassword"
            class="form-control"
            id="new-password"
            placeholder="New Password"
            type="password"
          />
        </div>
         
        <div
          class="form-group"
        >
          <input
            class="form-control"
            id="confirm-password"
            placeholder="Confirm Password"
            type="password"
          />
        </div>
         
        <button
          class="btn btn-primary btn-block bl-form-btn"
          type="submit"
        >
          
          Save
        
        </button>
      </form>
    </div>
  </div>
</main>
`;
