// Jest Snapshot v1, https://goo.gl/fbAQLP

exports[`PostCard Component should render correctly 1`] = `
<main
  class="card bl-postcard"
  id="bl-postcard"
>
  <div
    class="card-body bl-postcard-body"
  >
    <div
      class="card-title row title"
    >
      <div
        class="col-9 row title--text"
      >
        <span
          class="col-3"
        >
          category
        </span>
         
        <p
          class="col-5 col-sm-6 font-weight-bold description"
        >
          <a>
            
            Lorem ipsum dolor sit amet, vel accumsan iberaviss extttttt, ea nec elaboraret interpret
            Lorem ipsum dolor sit amet, vel accumsan iberaviss ex, ea nec elaboraret interpret
            Lorem ipsum dolor sit amet, vel accumsan iberaviss ex, ea nec elaboraret interpret
          
          </a>
        </p>
         
        <p
          class="col-4 col-sm-3 username"
        >
          <a
            class="btn btn-primary initials"
            href="#"
            role="button"
          >
            SM
          </a>
          
           
          
          <span
            class="font-weight-normal name"
          >
            Johndoe
          </span>
          
           
          
          <span
            class="time"
          >
            1 min ago
          </span>
        </p>
      </div>
       
      <div
        class="col-3 title--image"
        style="background-image: url(test-file-stub);"
      />
    </div>
     
    <div
      class="card-text keypoints"
      style="display: none;"
    >
      <span
        class="font-weight-bold text-capitalize"
      >
        keypoint
      </span>
       
      <ul
        class="keypoints--lists"
      >
        <li>
          Phasellus iaculis nequeghjhjjkjjkjkhjk
        </li>
         
        <li>
          Lorem ipsum, or lipsum as it is sometimes known, is dummy text used in laying out print, graphic or web designs. The passage is attributed to an unknown typesetter in the 15th century who is thought to have scrambled parts of Cicero's De Finibus Bonorum et Malorum for use in a type specimen book. It usually begins with
        </li>
         
        <li>
          Vestibulum laoreet porttitor sem
        </li>
      </ul>
    </div>
     
    <div
      class="card-text row actions"
    >
      <div
        class="col-5 col-sm-7 col-md-5 col-lg-7 views"
      >
        <i
          class="fal fa-eye"
        />
         
        <span
          class="count"
        >
          123
        </span>
      </div>
       
      <div
        class="col-7 col-sm-5 col-md-7 col-lg-5 row others"
      >
        <div
          class="col-7 col-sm-4 likes"
        >
          <p
            class="thumbs-up centerEle"
          >
            <i
              class="fal fa-thumbs-up"
            />
             
            <span
              class="count"
            >
              18
            </span>
          </p>
           
          <p
            class="thumbs-up centerEle"
            style="display: none;"
          >
            <i
              class="fas fa-thumbs-up"
            />
             
            <span
              class="count"
            >
              18
            </span>
          </p>
           
          <p
            class="thumbs-down centerEle"
          >
            <i
              class="fal fa-thumbs-down"
            />
             
            <span
              class="count"
            >
              1
            </span>
          </p>
           
          <p
            class="thumbs-down centerEle"
            style="display: none;"
          >
            <i
              class="fas fa-thumbs-down"
            />
             
            <span
              class="count"
            >
              1
            </span>
          </p>
        </div>
         
        <div
          class="col-3 col-sm-7 comments"
        >
          <p
            class="coment hideEle centerEle"
          >
            <i
              class="fal fa-comment-dots"
            />
             
            <span
              class="count"
            >
              67
            </span>
          </p>
           
          <p
            class="share hideEle centerEle"
          >
            <i
              class="fal fa-share"
            />
             
            <span
              class="count"
            >
              1
            </span>
          </p>
           
          <div
            class="ellipsis"
          >
            <span
              aria-expanded="false"
              aria-haspopup="true"
              class="nav-link dropdown-toggle"
              data-toggle="dropdown"
              href="#"
              id="navbarDropdown"
              role="button"
            >
              <i
                class="fal fa-ellipsis-h"
              />
            </span>
             
            <div
              aria-labelledby="dropdownMenuReference"
              class="dropdown-menu bl-dropdown-menu top-dropdown"
            >
              <div
                class="d-flex bl-dropdown-menu__countries"
              >
                <div
                  class="favourite-countries"
                >
                  <p
                    class="dropdown-item country"
                  >
                    Report Post
                  </p>
                   
                  <hr />
                   
                  <hr />
                   
                  <p
                    class="dropdown-item country"
                    style="display: none;"
                  >
                    <i
                      class="fal fa-times"
                    />
                     
                    <span
                      class="count"
                    >
                      remove
                    </span>
                  </p>
                   
                  <p
                    class="dropdown-item country"
                  >
                    <i
                      class="fal fa-plus"
                    />
                     
                    <span
                      class="count"
                    >
                      Creators Profile
                    </span>
                  </p>
                   
                  <div
                    class="d-md-none"
                  >
                    <p
                      class="dropdown-item country"
                    >
                      <i
                        class="fal fa-comment-dots"
                      />
                       
                      <span
                        class="count"
                      >
                        Comment
                      
                        <span
                          class="badges"
                        >
                          5
                        </span>
                      </span>
                    </p>
                     
                    <p
                      class="dropdown-item country hidden-lg-down"
                    >
                      <i
                        class="fal fa-share"
                      />
                       
                      <span
                        class="count"
                      >
                        Share
                      
                        <span
                          class="badges"
                        >
                          5
                        </span>
                      </span>
                    </p>
                  </div>
                   
                  <p
                    class="dropdown-item country toggle-bookmark"
                  >
                    <i
                      class="fal fa-bookmark"
                    />
                     
                    <span
                      class="count"
                    >
                      Read Later
                    </span>
                  </p>
                   
                  <p
                    class="dropdown-item country toggle-bookmark"
                    style="display: none;"
                  >
                    <i
                      class="fas fa-bookmark"
                    />
                     
                    <span
                      class="count"
                    >
                      Read Later
                    </span>
                  </p>
                   
                  <hr />
                   
                  <hr />
                   
                  <p
                    class="dropdown-item country toggle-story"
                  >
                    <i
                      class="fal fa-book-open"
                    />
                     
                    <span
                      class="count"
                    >
                      Read Story
                    </span>
                  </p>
                   
                  <p
                    class="dropdown-item country toggle-story"
                    style="display: none;"
                  >
                    <i
                      class="fas fa-book-open"
                    />
                     
                    <span
                      class="count"
                    >
                      Read Story
                    </span>
                  </p>
                </div>
              </div>
            </div>
          </div>
        </div>
         
        <div
          class="col-2 col-sm-1 toggle-keypoints"
          style="display: none;"
        >
          <i
            class="fal fa-angle-up"
          />
        </div>
         
        <div
          class="col-2 col-sm-1 toggle-keypoints"
        >
          <i
            class="fal fa-angle-down"
          />
        </div>
      </div>
    </div>
  </div>
</main>
`;
