// Jest Snapshot v1, https://goo.gl/fbAQLP

exports[`Signup Page should render correctly 1`] = `
<div
  class="sign-up-container"
>
  <div
    class="top"
  >
    <div>
      <span
        class="top-left-container"
      >
        <a
          href="/login"
        >
          <i
            class="fal fa-long-arrow-left fa-2x"
          />
           
          <span
            class="back-text"
          >
            Back
          </span>
        </a>
         
        <a
          class="router-link"
        >
          <img
            class="logo"
            src="@/assets/Bloverse-white.svg"
          />
           
          <img
            class="blue-logo"
            src="@/assets/Bloverse.svg"
          />
        </a>
      </span>
    </div>
  </div>
   
  <div
    class="sign-up-content d-flex flex-column justify-content-center align-items-center"
  >
    <div>
      <h2
        class="sign-up-intro-one"
      >
        Join Us
      </h2>
       
      <h4
        class="sign-up-intro-two"
      >
        Lorem ipsum dolor sit amet, vel
        
        <br />
         accumsanliberse ex, ea nec
      
      </h4>
       
      <h5
        class="sign-up-intro-three"
      >
        Sign Up With
      </h5>
       
      <div
        class="social-login"
      >
        <div>
          <button
            class="btn btn-light sign-up-social-button sign-up-facebook-btn"
          >
            <img
              src="@/assets/facebook-logo-light.svg"
            />
          </button>
        </div>
         
        <br />
         
        <div>
          <button
            class="btn btn-light sign-up-social-button"
          >
            <img
              height="25"
              src="@/assets/google-text-logo.png"
              width="60"
            />
          </button>
        </div>
      </div>
       
      <div
        class="grid-container"
      >
        <div
          class="grid-item"
        >
          <hr
            class="hr-text"
          />
        </div>
         
        <div
          class="middle-grid-item"
        >
          <p>
            <strong>
              Or
            </strong>
          </p>
        </div>
         
        <div
          class="grid-item"
        >
          <hr
            class="hr-text"
          />
        </div>
      </div>
    </div>
     
    <div
      class="sign-up-form-section"
    >
      <form>
        <div
          class="form-group"
        >
          <input
            class="form-control defaultClass"
            id="first-name"
            name="firstName"
            placeholder="First name"
          />
        </div>
      </form>
       
      <form>
        <div
          class="form-group"
        >
          <input
            class="form-control defaultClass"
            id="last-name"
            name="lastName"
            placeholder="Last name"
          />
        </div>
      </form>
       
      <form>
        <div
          class="form-group"
        >
          <input
            class="form-control defaultClass"
            id="email"
            name="email"
            placeholder="Email"
          />
        </div>
      </form>
       
      <form>
        <div
          class="form-group"
        >
          <input
            class="form-control defaultClass"
            id="password"
            name="password"
            placeholder="Password"
          />
        </div>
      </form>
       
      <div>
        <button
          class="btn btn-primary primary-button"
        >
          Sign Up
        </button>
      </div>
       
      <h4
        class="sign-up-terms-and-privacy"
      >
        
      By creating an account, you agree to our
      
        <a
          class="sign-up-link-text"
        >
          Terms
        </a>
        
      and
      
        <a
          class="sign-up-link-text"
        >
          Privacy
        </a>
      </h4>
       
      <div>
        <button
          class="btn btn-outline-secondary secondary-button"
        >
          <h2
            class="sign-up-new-bloverse-text"
          >
            Have an account?
        
            <a
              class="signup-login-text"
            >
              Login
            </a>
          </h2>
        </button>
      </div>
    </div>
     
    <div
      class="signup-creator-text"
    >
      <h2
        class="sign-up-creator-text"
      >
        Content creator? 
      
        <a
          class="router-link sign-up-apply-now-text"
        >
          
        Apply
      
        </a>
      </h2>
    </div>
  </div>
   
  <div
    class="bottom"
  >
    <p>
      <span
        class="bloverse"
      >
        Bloverse
      </span>
       2019. All Right reserved
    </p>
  </div>
</div>
`;
