// Jest Snapshot v1, https://goo.gl/fbAQLP

exports[`EditProfile Page should render correctly 1`] = `
<div
  class="region-container"
>
  <div
    class="top"
  >
    <div>
      <span
        class="top-left-container"
      >
        <a
          href="/"
        >
          <i
            class="fal fa-long-arrow-left fa-2x"
          />
           
          <span>
            Back
          </span>
        </a>
         
        <a
          class="router-link"
        >
          <img
            class="logo"
            src="@/assets/Logo.svg"
          />
        </a>
      </span>
    </div>
  </div>
   
  <div
    class="content"
  >
    <div
      class="container"
    >
      <div
        class="row"
      >
        <div
          class="col-md-4"
        />
         
        <div
          class="col-12 col-md-4 col-sm-4 col-lg-4"
        >
          <br />
          <br />
          <br />
           
          <h3>
            Edit Profile
          </h3>
           
          <br />
          <br />
           
          <form
            action=""
          >
            <div
              class="row"
            >
              <div
                class="col-12 col-md-3 col-sm-3 col-lg-3 pr-0"
              >
                <div
                  class="file_share"
                >
                  <input
                    id="profile-image"
                    name="profileImage"
                    type="file"
                  />
                   
                  <i
                    class="fal fa-plus"
                  />
                </div>
              </div>
               
              <div
                class="col-12 col-md-9 col-sm-9 col-lg-9"
              >
                <input
                  class="form-control"
                  id="username"
                  name="username"
                  placeholder="User Name"
                  type="text"
                />
              </div>
            </div>
             
            <input
              class="form-control"
              id="firstName"
              name="firstName"
              placeholder="First Name"
              type="text"
            />
             
            <input
              class="form-control"
              id="lastName"
              name="lastName"
              placeholder="Last Name"
              type="text"
            />
             
            <div
              class="row"
            >
              <div
                class="col-md-3 pr-0"
              >
                <select
                  class="form-control edit__profile--select"
                  id="countrycode"
                  name="countrycode"
                >
                  <option
                    value=""
                  >
                    +234
                  </option>
                   
                  <option
                    value="+234"
                  >
                    +234
                  </option>
                   
                  <option
                    value="+234"
                  >
                    +234
                  </option>
                   
                  <option
                    value="+234"
                  >
                    +234
                  </option>
                   
                  <option
                    value="+234"
                  >
                    +234
                  </option>
                   
                  <option
                    value="+234"
                  >
                    +234
                  </option>
                </select>
              </div>
               
              <div
                class="col-md-9 pl-0"
              >
                <input
                  class="form-control"
                  id="phone"
                  name="phone"
                  placeholder="000 000 0000"
                  type="number"
                />
              </div>
            </div>
             
            <input
              class="form-control"
              id="email"
              name="email"
              placeholder="Email Adddress"
              type="email"
            />
             
            <input
              class="form-control"
              id="location"
              name="location"
              placeholder="Lagos Nigeria"
              type="text"
            />
             
            <textarea
              class="form-control"
              cols="30"
              id="bio"
              name="bio"
              rows="4"
            >
              Bio
            </textarea>
             
            <br />
             
            <button
              class="btn btn-primary btn-block"
              type="submit"
            >
              Save
            </button>
          </form>
        </div>
         
        <div
          class="col-md-4"
        />
      </div>
    </div>
  </div>
   
  <footer
    id="the-footer"
  >
    <div
      class="container"
    >
      <div
        class="row"
        id="desktop"
      >
        <div
          class="col"
        >
          <ul
            class="list-inline"
          >
            <li
              class="list-inline-item"
            >
              <a>
                Bloverse
              </a>
            </li>
             
            <li
              class="list-inline-item pl-4"
            >
              <a>
                Terms
              </a>
            </li>
             
            <li
              class="list-inline-item pl-2"
            >
              <a>
                Privacy
              </a>
            </li>
             
            <li
              class="list-inline-item pl-2"
            >
              <a>
                About
              </a>
            </li>
          </ul>
        </div>
         
        <div
          class="col-auto pt-2"
        >
          <p
            id="year-text"
          >
            © 2019 Bloverse. All Right Reserved
          </p>
        </div>
      </div>
       
      <div
        class="row pt-2"
        id="mobile"
      >
        <div
          class="col-8"
        >
          <ul
            class="list-inline"
          >
            <li
              class="list-inline-item pl-4"
              style="font-size: 15px;"
            >
              
            bloverse
          
            </li>
             
            <li
              class="list-inline-item pl-4"
            >
              <a
                id="linkk"
              >
                Terms
              </a>
            </li>
             
            <li
              class="list-inline-item pl-2"
            >
              <a
                id="linkk"
              >
                Privacy
              </a>
            </li>
             
            <li
              class="list-inline-item pl-2"
            >
              <a
                id="linkk"
              >
                About
              </a>
            </li>
          </ul>
        </div>
         
        <div
          class="col-12 pt-1"
        >
          <p
            id="year-text"
          >
            © 2019 Bloverse. All Right Reserved
          </p>
        </div>
      </div>
    </div>
  </footer>
</div>
`;
