// Jest Snapshot v1, https://goo.gl/fbAQLP

exports[`Creator Email Settings Page should render properly 1`] = `
<main
  id="manage-email"
>
  <header
    id="feeds-header"
  >
    <nav
      class="navbar navbar-expand-lg navbar-light px-5"
    >
      <div
        class="container-fluid back-nav"
      >
        <a
          class="backlink mr-4"
          href="/settings"
        >
          <i
            class="fal fa-long-arrow-left fa-2x back-icon"
          />
           
          <span
            class="back-text"
          >
            Back
          </span>
        </a>
         
        <a
          class="router-link"
        >
          <img
            class="nav-logo"
            src="@/assets/Bloverse.svg"
          />
           
          <!---->
        </a>
         
        <!---->
         
        <!---->
      </div>
    </nav>
     
    <main
      id="bl-modal"
    >
      <div
        aria-hidden="true"
        aria-labelledby="customModal"
        class="modal fade"
        id="feedback-modal"
        role="dialog"
        tabindex="-1"
      >
        <div
          class="modal-dialog modal-dialog-centered"
          role="document"
        >
          <div
            class="modal-content"
          >
            <div
              class="modal-header darkBackground"
            >
              <!---->
               
              <div>
                <h6>
                  <strong
                    class="alt-title"
                  >
                    Send Us Some Feedback
                  </strong>
                </h6>
                 
                <h6
                  class="mt-2 sub-title"
                >
                  Found a bug? Have a suggestion?. Fill out the form below and we'll take a look!
                </h6>
              </div>
               
              <button
                aria-label="Close"
                class="close"
                data-dismiss="modal"
                type="button"
              >
                <span
                  aria-hidden="true"
                >
                  ×
                </span>
              </button>
            </div>
             
            <div
              class="modal-body"
            >
              <div
                class="bl-modal-content"
              >
                <p>
                  Enter your feedback here!
                </p>
                 
                <textarea
                  class="form-control mb-2 p-1"
                />
                 
                <label
                  class="ml-1 mr-3"
                >
                  <input
                    name="feedback-type"
                    type="radio"
                  />
                    Bug
                </label>
                 
                <label
                  class="mr-3"
                >
                  <input
                    name="feedback-type"
                    type="radio"
                  />
                    Comment
                </label>
                 
                <label
                  class="mr-3"
                >
                  <input
                    name="feedback-type"
                    type="radio"
                  />
                    Other
                </label>
              </div>
            </div>
             
            <div
              class="modal-footer"
            >
              <button
                class="btn btn-outline-primary"
                data-dismiss="modal"
                type="button"
              >
                Close
              </button>
               
              <button
                class="btn btn-primary"
                type="button"
              >
                Send Feedback
              </button>
            </div>
          </div>
        </div>
      </div>
    </main>
  </header>
   
  <div
    class="container py-4"
  >
    <div
      class="offset-md-3 col-md-6"
    >
      <div
        class="row"
      >
        <h1>
          <strong>
            Manage Email Preferences
          </strong>
        </h1>
      </div>
       
      <div
        class="row pt-5"
      >
        <div
          class="card p-4"
        >
          <div
            class="pt-3 d-flex justify-content-between align-items-center pb-3"
          >
            <div
              class="pr-2"
            >
              <p
                class="text-capitalize title"
              >
                Bloverse Article Digest
              </p>
               
              <p
                class="text small"
              >
                Discover top, new articles based on your selected categories.
              </p>
            </div>
             
            <div>
              <button
                aria-pressed="true"
                autocomplete="off"
                class="btn btn-sm btn-toggle active"
                data-toggle="button"
                type="button"
              >
                <div
                  class="square"
                />
              </button>
            </div>
          </div>
           
          <div
            class="pt-3 d-flex justify-content-between align-items-center pb-3"
          >
            <div
              class="pr-2"
            >
              <p
                class="text-capitalize title"
              >
                Recommendations
              </p>
               
              <p
                class="text small"
              >
                Discover trending, related articles that might interest you.
              </p>
            </div>
             
            <div>
              <button
                aria-pressed="true"
                autocomplete="on"
                class="btn btn-sm btn-toggle active"
                data-toggle="button"
                type="button"
              >
                <div
                  class="square"
                />
              </button>
            </div>
          </div>
           
          <div
            class="pt-3 d-flex justify-content-between align-items-center pb-3"
          >
            <div
              class="pr-2"
            >
              <p
                class="text-capitalize title"
              >
                Photo Contest
              </p>
               
              <p
                class="text small"
              >
                Discover top, new articles based on your selected categories.
              </p>
            </div>
             
            <div>
              <button
                aria-pressed="true"
                autocomplete="on"
                class="btn btn-sm btn-toggle active"
                data-toggle="button"
                type="button"
              >
                <div
                  class="square"
                />
              </button>
            </div>
          </div>
           
          <div
            class="pt-3 d-flex justify-content-between align-items-center pb-3"
          >
            <div
              class="pr-2"
            >
              <p
                class="text-capitalize title"
              >
                News & Announcements
              </p>
               
              <p
                class="text small"
              >
                Stay updated on new features and products that’ll improve your experience.
              </p>
            </div>
             
            <div>
              <button
                aria-pressed="true"
                autocomplete="off"
                class="btn btn-sm btn-toggle active"
                data-toggle="button"
                type="button"
              >
                <div
                  class="square"
                />
              </button>
            </div>
          </div>
        </div>
      </div>
    </div>
  </div>
   
  <div
    class="footer-container"
  >
    <p>
      <span
        class="bloverse"
      >
        bloverse
      </span>
       2019. All Rights Reserved
    
    </p>
  </div>
</main>
`;
