// Jest Snapshot v1, https://goo.gl/fbAQLP

exports[`KeywordTags Component should render correctly 1`] = `
<main
  id="keyword-tags"
>
  <div
    class="item-content-block d-flex"
  >
    <div
      class="card"
    >
      <div
        class="card-content p-1"
      >
        <div>
          <span
            class="keyword"
          >
            Keyword
          </span>
           
          <span
            class="closeIcon"
          >
            <i
              class="fal fa-times d-flex justify-content-end close"
            />
          </span>
        </div>
      </div>
    </div>
     
    <span
      class="morekeys"
    >
      <button
        class="btn rounded-btn-circle d-flex justify-content-center ml-3 text"
      >
        <i
          class="fal fa-plus"
        />
      </button>
    </span>
  </div>
   
  <p
    class="d-flex justify-content-end max"
  >
    Maxinum of 5
  </p>
</main>
`;
