// Jest Snapshot v1, https://goo.gl/fbAQLP

exports[`ForgotPassword Component should render correctly 1`] = `
<div
  class="signin-container"
>
  <div
    class="top"
  >
    <div>
      <span
        class="top-left-container"
      >
        <a
          href="/"
        >
          <i
            class="fal fa-long-arrow-left fa-2x"
          />
           
          <span>
            Back
          </span>
        </a>
         
        <a
          class="router-link"
        >
          <img
            class="logo"
            src="@/assets/Logo - White.svg"
          />
        </a>
      </span>
    </div>
  </div>
   
  <div
    class="content"
  >
    <div
      class="signinSection"
    >
      <h2
        class="welcome-text"
      >
        Forgot Password
      </h2>
       
      <br />
       
      <h2
        class="login-text"
      >
        Enter your email address and 
        <br />
         we will send you a link to reset your password
      </h2>
       
      <br />
       
      <div
        class="basic-login"
      >
        <input
          class="defaultClass text-input"
          id="email"
          name="email"
          placeholder="Email"
          type="email"
        />
         
        <br />
        <br />
         
        <div>
          <button
            class="defaultButton login-button"
          >
            Send
          </button>
        </div>
         
        <br />
         
        <div
          class="grid-container"
        >
          <div
            class="grid-item"
          >
            <hr
              class="hr-text"
            />
          </div>
           
          <div
            class="middle-grid-item"
          >
            <p>
              Or
            </p>
          </div>
           
          <div
            class="grid-item"
          >
            <hr
              class="hr-text"
            />
          </div>
        </div>
         
        <br />
         
        <div>
          <button
            class="defaultButton signup-button"
          >
            <h2
              class="new-bloverse-text"
            >
              Create 
              <a
                class="router-link apply-now-text"
              >
                
          new Account
        
              </a>
            </h2>
          </button>
        </div>
      </div>
       
      <br />
      <br />
    </div>
  </div>
   
  <div
    class="bottom"
  >
    <p>
      <span
        class="bloverse"
      >
        bloverse
      </span>
       2018 All rights reserved
    </p>
  </div>
</div>
`;
